// Jest Snapshot v1, https://goo.gl/fbAQLP

exports[`Storyshots Button with emoji 1`] = `
<Button
  onClick={[Function]}
>
  <button
    onClick={[Function]}
    style={
      Object {
        "backgroundColor": "#FFFFFF",
        "border": "1px solid #eee",
        "borderRadius": 3,
        "cursor": "pointer",
        "fontSize": 15,
        "margin": 10,
        "padding": "3px 10px",
      }
    }
    type="button"
  >
    <span
      aria-label="so cool"
      role="img"
    >
      😀 😎 👍 💯
    </span>
  </button>
</Button>
`;

exports[`Storyshots Button with text 1`] = `
<Button
  onClick={[Function]}
>
  <button
    onClick={[Function]}
    style={
      Object {
        "backgroundColor": "#FFFFFF",
        "border": "1px solid #eee",
        "borderRadius": 3,
        "cursor": "pointer",
        "fontSize": 15,
        "margin": 10,
        "padding": "3px 10px",
      }
    }
    type="button"
  >
    Hello Button
  </button>
</Button>
`;

exports[`Storyshots Header header 1`] = `
<PageHeader>
  <header
    className="bg-gray-300 py-10 px-5"
  >
    <h1
      className="title m-auto max-w-5xl"
    />
  </header>
</PageHeader>
`;
